# Generated by generate_exports.py: Do not edit.
_ireeAttributeIsACodegenCompilationInfoAttr
_ireeAttributeIsACodegenDispatchLoweringPassPipelineAttr
_ireeAttributeIsACodegenTranslationInfoAttr
_ireeAttributeIsAGPULoweringConfigAttr
_ireeAttributeIsAGPUMMAAttr
_ireeAttributeIsAGPUVirtualMMAAttr
_ireeAttributeIsAGPUMMAIntrinsicAttr
_ireeAttributeIsAGPUVirtualMMAIntrinsicAttr
_ireeAttributeIsAGPUPipelineOptionsAttr
_ireeAttributeIsAGPUReorderWorkgroupsStrategyAttr
_ireeCodegenCompilationInfoAttrGet
_ireeCodegenCompilationInfoAttrGetParameters
_ireeCodegenCompilationInfoAttrGetTypeID
_ireeCodegenDispatchLoweringPassPipelineAttrGet
_ireeCodegenDispatchLoweringPassPipelineAttrGetTypeID
_ireeCodegenDispatchLoweringPassPipelineAttrGetValue
_ireeCodegenGetExecutableVariantOps
_ireeGPUGetSingleSubgroupLayout
_ireeCodegenGetTunerRootOps
_ireeCodegenGetAttentionOpDetail
_ireeCodegenQueryMMAIntrinsics
_ireeCodegenMlirOperationIsACodegenAttentionOp
_ireeCodegenTranslationInfoAttrGet
_ireeCodegenTranslationInfoAttrGetParameters
_ireeCodegenTranslationInfoAttrGetTypeID
_ireeCompilerEnumeratePlugins
_ireeCompilerEnumerateRegisteredHALTargetBackends
_ireeCompilerErrorDestroy
_ireeCompilerErrorGetMessage
_ireeCompilerGetAPIVersion
_ireeCompilerGetProcessCLArgs
_ireeCompilerGetRevision
_ireeCompilerGlobalInitialize
_ireeCompilerGlobalShutdown
_ireeCompilerInitializeContext
_ireeCompilerInvocationCreate
_ireeCompilerInvocationDestroy
_ireeCompilerInvocationEnableCallbackDiagnostics
_ireeCompilerInvocationEnableConsoleDiagnostics
_ireeCompilerInvocationExportStealModule
_ireeCompilerInvocationImportBorrowModule
_ireeCompilerInvocationImportStealModule
_ireeCompilerInvocationOutputHALExecutable
_ireeCompilerInvocationOutputIR
_ireeCompilerInvocationOutputIRBytecode
_ireeCompilerInvocationOutputVMBytecode
_ireeCompilerInvocationOutputVMCSource
_ireeCompilerInvocationParseSource
_ireeCompilerInvocationPipeline
_ireeCompilerInvocationRunPassPipeline
_ireeCompilerInvocationSetCompileFromPhase
_ireeCompilerInvocationSetCompileToPhase
_ireeCompilerInvocationSetCrashHandler
_ireeCompilerInvocationSetDumpCompilationPhasesTo
_ireeCompilerInvocationSetVerifyIR
_ireeCompilerOutputDestroy
_ireeCompilerOutputKeep
_ireeCompilerOutputMapMemory
_ireeCompilerOutputOpenFD
_ireeCompilerOutputOpenFile
_ireeCompilerOutputOpenMembuffer
_ireeCompilerOutputWrite
_ireeCompilerRegisterDialects
_ireeCompilerRunLldMain
_ireeCompilerRunMain
_ireeCompilerSessionBorrowContext
_ireeCompilerSessionCreate
_ireeCompilerSessionDestroy
_ireeCompilerSessionGetFlags
_ireeCompilerSessionSetFlags
_ireeCompilerSessionStealContext
_ireeCompilerSetupGlobalCL
_ireeCompilerSourceDestroy
_ireeCompilerSourceOpenFile
_ireeCompilerSourceSplit
_ireeCompilerSourceWrapBuffer
_ireeGPULoweringConfigAttrGet
_ireeGPULoweringConfigAttrGetAttributes
_ireeGPULoweringConfigAttrGetMmaKind
_ireeGPULoweringConfigAttrGetSubgroupCount
_ireeGPULoweringConfigAttrGetTileSizes
_ireeGPULoweringConfigAttrGetTypeID
_ireeGPUMMAAttrGet
_ireeGPUVirtualMMAAttrGet
_ireeGPUMMAAttrGetInfo
_ireeGPUMMAAttrGetTypeID
_ireeGPUVirtualMMAAttrGetTypeID
_ireeGPUMMAIntrinsicAttrGet
_ireeGPUVirtualMMAIntrinsicAttrGet
_ireeGPUMMAIntrinsicAttrGetTypeID
_ireeGPUVirtualMMAIntrinsicAttrGetTypeID
_ireeGPUMMAIntrinsicAttrGetValue
_ireeGPUVirtualMMAIntrinsicAttrGetValue
_ireeGPUMMAAttrGetVirtualMMAIntrinsic
_ireeGPUPipelineOptionsAttrGet
_ireeGPUPipelineOptionsAttrGetNoReduceSharedMemoryBankConflicts
_ireeGPUPipelineOptionsAttrGetPrefetchSharedMemory
_ireeGPUPipelineOptionsAttrGetReorderWorkgroupsStrategy
_ireeGPUPipelineOptionsAttrGetTypeID
_ireeGPUPipelineOptionsAttrGetUseIgemmConvolution
_ireeGPUReorderWorkgroupsStrategyAttrGet
_ireeGPUReorderWorkgroupsStrategyAttrGetTypeID
_ireeGPUReorderWorkgroupsStrategyAttrGetValue
_ireeHALExecutableTargetAttrGetGPUTargetInfo
_ireeMlirLspServerRunMain
_ireeOptRunMain
_ireeReduceRunMain
_ireeRegisterTransformExtensions
